
> gamehub@0.1.0 test
> TSX_TSCONFIG_PATH=tsconfig.test.json node --import tsx --test tests/*.test.ts tests/*.test.tsx

✔ usage periods include today and use UTC across month boundaries (1.561417ms)
✔ account search and status combine, with a working empty-state reset (196.197791ms)
✔ game draw produces a playable link and never immediately repeats (98.69875ms)
✔ theme control restores document preference and saves both choices (6.758042ms)
✔ blocked theme storage still changes theme and reports persistence failure (3.844084ms)
✔ every seeded online and local game has an explicit play category (2.040208ms)
✔ audience picks exclude relationship and dare prompts from family puzzles and unknown content (0.139292ms)
✔ search, category, audience and play mode combine without changing the source catalogs (0.101666ms)
✔ library filters show accurate per-mode counts, preserve launch links, and recover from empty results (151.281167ms)
✔ navigation search initializes both catalogs and can be cleared without losing games (27.341291ms)
✔ category buttons keep All games and combine with search and play mode (83.700334ms)
✔ new strategy games retain distinct solo and online launch flows (43.32475ms)
✔ shuffle keeps every element exactly once (1.415875ms)
✔ room codes are 6 chars from the unambiguous alphabet and vary (0.4345ms)
✔ turn rotation wraps around the player list (0.091542ms)
✔ turn rotation tolerates a departed/unknown current player (0.060167ms)
✔ single player keeps the turn (0.066ms)
✔ turn-based classification matches game design (0.071875ms)
✔ spotlight mode forces turn-based play for any game (0.054167ms)
✔ spotlight eligibility covers quizzes and NHIE only (0.049167ms)
✔ spotlight round count gives everyone equal turns (0.065083ms)
✔ number guess scoring rewards fewer guesses, floor of 1 (0.086458ms)
✔ round deadlines include grace and expire correctly (8.146583ms)
✔ code crackers feedback counts exact and misplaced digits (0.717083ms)
✔ who-remembers fuzzy matching tolerates small typos (0.857167ms)
✔ rule discoverer validators accept examples and reject counterexamples (0.423958ms)
✔ player name validation requires distinct names (0.076459ms)
✔ memory board build produces matched pairs (0.10025ms)
✔ Code Crackers completes three rounds, rotates starter, scores and replays (48.108166ms)
✔ Know Your Partner protects handoffs and reveals every answer after each role (26.433917ms)
✔ Mental Math prevents stale locks crossing rounds and completes a duel (27.377875ms)
✔ Mystery Card race locks wrong players, scores winner, finishes and replays (15.844583ms)
✔ Reverse Definition handles expired buzz, other player win and full 15-question game (44.874833ms)
✔ Rule Discoverer rotates after testing evidence, scores correct guesses and replays (22.439334ms)
✔ Who Remembers keeps private answers hidden and lets players reject fuzzy matches (72.42925ms)
✔ Word Chain resolves a final-word challenge, reverses the award and replays (80.714958ms)
✔ Code Crackers exhausts the guess limit and reports tied scores (61.770458ms)
✔ Mystery Card player-by-player mode gives both players equal turns (5.200333ms)
✔ Partner instant reveal locks answers until feedback completes (6.022709ms)
✔ Reverse Definition advances after every player misses without double scoring (4.374917ms)
✔ Word Chain rejects repeats, applies timeout penalties and ends cleanly (41.933042ms)
✔ Mental Math advances expired puzzles and does not award timeout points (18.197541ms)
✔ Game transition callbacks are removed on unmount (2.642375ms)
✔ question deck handles empty and single clue pools and requested count (1.458958ms)
✔ reverse definitions fulfill every setup difficulty and count (0.200333ms)
✔ mystery card filters have valid clues and full six-player turns (0.41275ms)
✔ memory matching preserves non-Latin answers and suggests rather than forces fuzzy matches (5.258875ms)
✔ rule discoverer rejects invalid domain and unsafe values (3.530417ms)
✔ competitive results give tied players equal ranks (0.13575ms)
✔ word chain requires a single word and supports accented letters (1.864416ms)
✔ partner question choices remain distinct for private answers and guesses (0.107875ms)
✔ mental math generated puzzles have the correct distinct answer options (4.921417ms)
✔ word challenges reverse the entire award and require a strict majority (0.238375ms)
✔ Market Day starts deterministic, distinct 2–4 player games (3.780583ms)
✔ version, member, turn, phase and destination guards leave state unchanged (0.544ms)
✔ purchases, upgrades and visits obey ownership and affordable non-elimination payments (0.278875ms)
✔ supplies, commissions and independent bank exchange have exact economics and capacity limits (0.335958ms)
✔ accepted bounded trades conserve assets, transfer stalls and cannot be replayed (0.308375ms)
✔ trade refusals and sender expiry do not transfer anything or require cooperation (0.176792ms)
✔ malformed, empty, unaffordable, foreign-owned and overflowing trades are rejected atomically (0.548667ms)
✔ cash contributes at most ten score points and all score components are visible (0.0715ms)
✔ full 2-player games finish in exactly ten rounds and stay bounded across seeds (26.458959ms)
✔ full 4-player games finish in exactly ten rounds and stay bounded across seeds (50.638875ms)
MARKET_POLICY_EVIDENCE {"matches":192,"meanScores":{"invest":40.33,"orders":38.02,"sets":42.63,"spam":4.5},"wins":{"invest":56,"orders":28,"sets":124,"spam":0},"seats":[56,52,44,56]}
MARKET_TWO_PLAYER_EVIDENCE {"orders/invest":{"orders":52,"invest":36,"ties":8},"sets/invest":{"sets":76,"invest":16,"ties":4},"sets/orders":{"sets":60,"orders":36,"ties":0}}
✔ public order requires membership, active turn, location, ownership, resources and is consumed atomically (5.803708ms)
✔ scarce wholesale stock and upgrades spend resources; closing round replenishes stock (0.456166ms)
✔ reciprocal property trade completes both district sets and conserves assets (1.907583ms)
✔ old unversioned rooms retain unlimited legacy commissions and original economics (0.31325ms)
✔ rotation grants exactly ten turns each, seasons replace consumed contracts and final ties share victory (9.365292ms)
✔ strategy tournament: finite orders break commission spam and multiple investment choices remain competitive (1491.642541ms)
✔ legal 2–4 player rounds allow earlier buyers to deny the last rival, then rotate refill access (0.697208ms)
✔ departed answers cannot satisfy the active player answer quorum (1.375875ms)
✔ all seven quiz games only accept options shown in their prompt (0.111083ms)
✔ all four reaction games validate their actual configured choices (0.072458ms)
✔ a Word Chain link cannot be challenged twice in the same turn (0.058041ms)
✔ private snapshots hide quiz answers and other players answers until reveal (0.163167ms)
✔ Who Remembers private answers stay hidden during collection (0.055209ms)
✔ memory snapshots show only flipped, last pair and matched cards (0.093542ms)
✔ Rule Discoverer never includes current hidden ID in public history (0.173792ms)
✔ round guard rejects stale, missing, fractional and coerced round tokens (0.078125ms)
✔ Pocket replay deterministically reconstructs every placement and score (2.07025ms)
✔ Pocket rejects occupied, out of bounds, fractional and unoffered moves (0.101375ms)
✔ Pocket adjacency does not wrap rows or count diagonals and counts edges once (0.110708ms)
✔ Pocket save replays history instead of trusting forged boards or totals (0.136292ms)
✔ Pocket offers always contain three distinct valid choices for twenty moves (9.364292ms)
✔ Pocket requests grant each bonus only once (0.368334ms)
✔ Gate access is an orthogonal network; a late bridge activates residents and their stall (1.559209ms)
✔ Road access and park access are both required; open stalls also need a happy neighbor (0.168417ms)
✔ A scarce plot creates mutually exclusive access and green-space choices (0.1145ms)
✔ The only gate cannot be substituted by a nearby or diagonal path (0.1045ms)
✔ Charter failure cannot buy a medal with decorative park points; all three tiers are earned (0.188209ms)
✔ Classic saves replay original offers and scores, while new saves carry their explicit rule version (0.851209ms)
✔ Bounded strategy simulation: 200 seeds support planned charters; immediate points do not solve the objective (235.939459ms)
✔ Several distinct layouts and actual offered moves attain different medals (0.230292ms)
✔ Modern offers avalanche the whole seed into genuinely varied deliveries; legacy sequences stay stable (0.965ms)
✔ daily streak deduplicates days, sums weekly games, and survives until next UTC midnight (2.280584ms)
✔ missing a complete UTC day resets current but keeps best (0.104167ms)
✔ UTC midnight and year boundary keep the right week and streak (0.09375ms)
✔ empty, invalid, zero and future activity cannot build a streak (0.0835ms)
✔ weekly goal rejects coerced, fractional and unbounded values (0.074458ms)
✔ admin inbox resolves reports and refreshes its open list (182.392125ms)
✔ admin inbox surfaces failures and retry recovers (8.635833ms)
✔ reports normalize context and preserve useful details (2.782625ms)
✔ reports reject invalid kinds, missing details, oversized text, and malformed room codes (0.212167ms)
✔ reports allow optional context and each supported type (0.356125ms)
✔ accepts browser-facing origin when Next uses an internal listener URL (20.153833ms)
✔ rejects foreign, opaque, malformed and mismatched-scheme browser origins (0.875958ms)
✔ Quiz expiry recovers after a failed automatic request (26.9095ms)
✔ Chain expiry recovers after a failed automatic request (5.358208ms)
✔ Memory miss does not replay on poll and cleared pair cannot leave board disabled (6.048458ms)
✔ Chain final review pauses entry and exposes acceptance without a repeated challenge (3.43125ms)
✔ all four themes can be selected and restored by the pre-paint bootstrap (108.970459ms)
✔ picker and quick toggle stay in sync, including cross-tab theme changes (34.102625ms)
✔ invalid stored themes safely fall back to Game night (0.147583ms)
✔ theme picker stays usable when storage is unavailable (10.85425ms)
ℹ tests 114
ℹ suites 0
ℹ pass 114
ℹ fail 0
ℹ cancelled 0
ℹ skipped 0
ℹ todo 0
ℹ duration_ms 3597.004167
