
> gamehub@0.1.0 build
> next build --webpack

▲ Next.js 16.4.0 (webpack)
- Environments: .env.local
✓ Running next.config.mjs took 10ms

  Creating an optimized production build ...
✓ Compiled successfully in 4.5s
  Running TypeScript ...

  We detected TypeScript in your project and reconfigured your tsconfig.json file for you.
  The following suggested values were added to your tsconfig.json. These values can be changed to fit your project's needs:

    - include was updated to add '.next/dev/types/**/*.ts'

  The following mandatory changes were made to your tsconfig.json:

    - jsx was set to react-jsx (next.js uses the React automatic runtime)

  Finished TypeScript in 2.1s ...
  Collecting page data using 11 workers ...
  Generating static pages using 11 workers (0/19) ...
  Generating static pages using 11 workers (4/19)
  Generating static pages using 11 workers (9/19)
  Generating static pages using 11 workers (14/19)
✓ Generating static pages using 11 workers (19/19) in 116ms
  Finalizing page optimization ...
  Collecting build traces ...

Route (app)
┌ ƒ /
├ ƒ /_not-found
├ ƒ /admin
├ ƒ /admin/games
├ ƒ /admin/prompts
├ ƒ /api/rooms
├ ƒ /api/rooms/[code]
├ ƒ /api/rooms/[code]/advance
├ ƒ /api/rooms/[code]/answer
├ ƒ /api/rooms/[code]/chain
├ ƒ /api/rooms/[code]/crack
├ ƒ /api/rooms/[code]/guess
├ ƒ /api/rooms/[code]/join
├ ƒ /api/rooms/[code]/leave
├ ƒ /api/rooms/[code]/memory
├ ƒ /api/rooms/[code]/predict
├ ƒ /api/rooms/[code]/rule
├ ƒ /api/rooms/[code]/start
├ ƒ /api/rooms/[code]/timer
├ ƒ /forgot-password
├ ƒ /games
├ ƒ /games/local/code-crackers
├ ƒ /games/local/know-your-partner
├ ƒ /games/local/mental-math-duel
├ ƒ /games/local/mystery-card
├ ƒ /games/local/reverse-definition
├ ƒ /games/local/rule-discoverer
├ ƒ /games/local/who-remembers
├ ƒ /games/local/word-chain
├ ƒ /leaderboard
├ ƒ /login
├ ƒ /profile
├ ƒ /register
├ ƒ /reset-password
├ ƒ /room/[code]
├ ƒ /rooms
├ ƒ /rooms/join
└ ƒ /rooms/new


ƒ Proxy (Middleware)

ƒ  (Dynamic)  server-rendered on demand
