{
  "checks": 65,
  "events": [
    {
      "engine": "chromium",
      "type": "requestfailed",
      "url": "http://127.0.0.1:3199/login?next=%2Frooms&_rsc=yqkVbsjkW66TZV8T",
      "error": {
        "errorText": "net::ERR_ABORTED"
      }
    },
    {
      "engine": "chromium",
      "type": "requestfailed",
      "url": "http://127.0.0.1:3199/login?next=%2Frooms%2Fjoin&_rsc=yqkVbsjkW66TZV8T",
      "error": {
        "errorText": "net::ERR_ABORTED"
      }
    },
    {
      "engine": "chromium",
      "type": "requestfailed",
      "url": "http://127.0.0.1:3199/login?next=%2Fleaderboard&_rsc=yqkVbsjkW66TZV8T",
      "error": {
        "errorText": "net::ERR_ABORTED"
      }
    },
    {
      "engine": "chromium",
      "type": "requestfailed",
      "url": "http://127.0.0.1:3199/?_rsc=O4kNrkNzk7KIascM",
      "error": {
        "errorText": "net::ERR_ABORTED"
      }
    },
    {
      "engine": "chromium",
      "type": "requestfailed",
      "url": "http://127.0.0.1:3199/games?_rsc=O4kNrkNzk7KIascM",
      "error": {
        "errorText": "net::ERR_ABORTED"
      }
    },
    {
      "engine": "chromium",
      "type": "requestfailed",
      "url": "http://127.0.0.1:3199/login?_rsc=O4kNrkNzk7KIascM",
      "error": {
        "errorText": "net::ERR_ABORTED"
      }
    },
    {
      "engine": "chromium",
      "type": "requestfailed",
      "url": "http://127.0.0.1:3199/register?_rsc=O4kNrkNzk7KIascM",
      "error": {
        "errorText": "net::ERR_ABORTED"
      }
    },
    {
      "engine": "chromium",
      "type": "requestfailed",
      "url": "http://127.0.0.1:3199/login?next=%2Frooms&_rsc=O4kNrkNzk7KIascM",
      "error": {
        "errorText": "net::ERR_ABORTED"
      }
    },
    {
      "engine": "chromium",
      "type": "requestfailed",
      "url": "http://127.0.0.1:3199/report?_rsc=O4kNrkNzk7KIascM",
      "error": {
        "errorText": "net::ERR_ABORTED"
      }
    },
    {
      "engine": "chromium",
      "type": "requestfailed",
      "url": "http://127.0.0.1:3199/themes?_rsc=O4kNrkNzk7KIascM",
      "error": {
        "errorText": "net::ERR_ABORTED"
      }
    },
    {
      "engine": "chromium",
      "type": "requestfailed",
      "url": "http://127.0.0.1:3199/login?next=%2Frooms%2Fjoin&_rsc=O4kNrkNzk7KIascM",
      "error": {
        "errorText": "net::ERR_ABORTED"
      }
    },
    {
      "engine": "chromium",
      "type": "requestfailed",
      "url": "http://127.0.0.1:3199/login?next=%2Fleaderboard&_rsc=O4kNrkNzk7KIascM",
      "error": {
        "errorText": "net::ERR_ABORTED"
      }
    },
    {
      "engine": "chromium",
      "type": "requestfailed",
      "url": "http://127.0.0.1:3199/?_rsc=yqkVbsjkW66TZV8T",
      "error": {
        "errorText": "net::ERR_ABORTED"
      }
    },
    {
      "engine": "chromium",
      "type": "requestfailed",
      "url": "http://127.0.0.1:3199/login?_rsc=yqkVbsjkW66TZV8T",
      "error": {
        "errorText": "net::ERR_ABORTED"
      }
    },
    {
      "engine": "chromium",
      "type": "requestfailed",
      "url": "http://127.0.0.1:3199/register?_rsc=yqkVbsjkW66TZV8T",
      "error": {
        "errorText": "net::ERR_ABORTED"
      }
    },
    {
      "engine": "chromium",
      "type": "requestfailed",
      "url": "http://127.0.0.1:3199/themes?_rsc=yqkVbsjkW66TZV8T",
      "error": {
        "errorText": "net::ERR_ABORTED"
      }
    },
    {
      "engine": "chromium",
      "type": "requestfailed",
      "url": "http://127.0.0.1:3199/report?_rsc=yqkVbsjkW66TZV8T",
      "error": {
        "errorText": "net::ERR_ABORTED"
      }
    },
    {
      "engine": "chromium",
      "type": "requestfailed",
      "url": "http://127.0.0.1:3199/login?next=%2Fleaderboard&_rsc=yqkVbsjkW66TZV8T",
      "error": {
        "errorText": "net::ERR_ABORTED"
      }
    },
    {
      "engine": "chromium",
      "type": "requestfailed",
      "url": "http://127.0.0.1:3199/login?next=%2Frooms&_rsc=yqkVbsjkW66TZV8T",
      "error": {
        "errorText": "net::ERR_ABORTED"
      }
    },
    {
      "engine": "chromium",
      "type": "requestfailed",
      "url": "http://127.0.0.1:3199/?_rsc=O4kNrkNzk7KIascM",
      "error": {
        "errorText": "net::ERR_ABORTED"
      }
    },
    {
      "engine": "chromium",
      "type": "requestfailed",
      "url": "http://127.0.0.1:3199/login?next=%2Frooms%2Fjoin&_rsc=yqkVbsjkW66TZV8T",
      "error": {
        "errorText": "net::ERR_ABORTED"
      }
    },
    {
      "engine": "chromium",
      "type": "requestfailed",
      "url": "http://127.0.0.1:3199/games?_rsc=O4kNrkNzk7KIascM",
      "error": {
        "errorText": "net::ERR_ABORTED"
      }
    },
    {
      "engine": "chromium",
      "type": "requestfailed",
      "url": "http://127.0.0.1:3199/login?_rsc=O4kNrkNzk7KIascM",
      "error": {
        "errorText": "net::ERR_ABORTED"
      }
    },
    {
      "engine": "chromium",
      "type": "requestfailed",
      "url": "http://127.0.0.1:3199/register?_rsc=O4kNrkNzk7KIascM",
      "error": {
        "errorText": "net::ERR_ABORTED"
      }
    },
    {
      "engine": "chromium",
      "type": "requestfailed",
      "url": "http://127.0.0.1:3199/login?next=%2Fleaderboard&_rsc=O4kNrkNzk7KIascM",
      "error": {
        "errorText": "net::ERR_ABORTED"
      }
    },
    {
      "engine": "chromium",
      "type": "requestfailed",
      "url": "http://127.0.0.1:3199/login?next=%2Frooms&_rsc=O4kNrkNzk7KIascM",
      "error": {
        "errorText": "net::ERR_ABORTED"
      }
    },
    {
      "engine": "chromium",
      "type": "requestfailed",
      "url": "http://127.0.0.1:3199/themes?_rsc=O4kNrkNzk7KIascM",
      "error": {
        "errorText": "net::ERR_ABORTED"
      }
    },
    {
      "engine": "chromium",
      "type": "requestfailed",
      "url": "http://127.0.0.1:3199/report?_rsc=O4kNrkNzk7KIascM",
      "error": {
        "errorText": "net::ERR_ABORTED"
      }
    },
    {
      "engine": "chromium",
      "type": "requestfailed",
      "url": "http://127.0.0.1:3199/login?next=%2Frooms%2Fjoin&_rsc=O4kNrkNzk7KIascM",
      "error": {
        "errorText": "net::ERR_ABORTED"
      }
    },
    {
      "engine": "chromium",
      "type": "http",
      "url": "http://127.0.0.1:3199/api/pocket-paradise",
      "status": 401
    },
    {
      "engine": "chromium",
      "type": "console",
      "message": "Failed to load resource: the server responded with a status of 401 (Unauthorized)"
    },
    {
      "engine": "chromium",
      "type": "requestfailed",
      "url": "http://127.0.0.1:3199/login?next=%2Fplay%2Fpocket-paradise&_rsc=O4kNrkNzk7KIascM",
      "error": {
        "errorText": "net::ERR_ABORTED"
      }
    },
    {
      "engine": "chromium",
      "type": "http",
      "url": "http://127.0.0.1:3199/api/pocket-paradise",
      "status": 401
    },
    {
      "engine": "chromium",
      "type": "console",
      "message": "Failed to load resource: the server responded with a status of 401 (Unauthorized)"
    },
    {
      "engine": "chromium",
      "type": "requestfailed",
      "url": "http://127.0.0.1:3199/report?_rsc=yqkVbsjkW66TZV8T",
      "error": {
        "errorText": "net::ERR_ABORTED"
      }
    },
    {
      "engine": "chromium",
      "type": "requestfailed",
      "url": "http://127.0.0.1:3199/themes?_rsc=yqkVbsjkW66TZV8T",
      "error": {
        "errorText": "net::ERR_ABORTED"
      }
    },
    {
      "engine": "chromium",
      "type": "requestfailed",
      "url": "http://127.0.0.1:3199/login?next=%2Fleaderboard&_rsc=yqkVbsjkW66TZV8T",
      "error": {
        "errorText": "net::ERR_ABORTED"
      }
    },
    {
      "engine": "chromium",
      "type": "requestfailed",
      "url": "http://127.0.0.1:3199/login?next=%2Frooms&_rsc=yqkVbsjkW66TZV8T",
      "error": {
        "errorText": "net::ERR_ABORTED"
      }
    },
    {
      "engine": "chromium",
      "type": "requestfailed",
      "url": "http://127.0.0.1:3199/games?_rsc=O4kNrkNzk7KIascM",
      "error": {
        "errorText": "net::ERR_ABORTED"
      }
    },
    {
      "engine": "chromium",
      "type": "requestfailed",
      "url": "http://127.0.0.1:3199/?_rsc=O4kNrkNzk7KIascM",
      "error": {
        "errorText": "net::ERR_ABORTED"
      }
    },
    {
      "engine": "chromium",
      "type": "requestfailed",
      "url": "http://127.0.0.1:3199/login?next=%2Fplay%2Fpocket-paradise&_rsc=O4kNrkNzk7KIascM",
      "error": {
        "errorText": "net::ERR_ABORTED"
      }
    },
    {
      "engine": "chromium",
      "type": "requestfailed",
      "url": "http://127.0.0.1:3199/login?next=%2Frooms%2Fjoin&_rsc=yqkVbsjkW66TZV8T",
      "error": {
        "errorText": "net::ERR_ABORTED"
      }
    },
    {
      "engine": "chromium",
      "type": "requestfailed",
      "url": "http://127.0.0.1:3199/login?_rsc=O4kNrkNzk7KIascM",
      "error": {
        "errorText": "net::ERR_ABORTED"
      }
    },
    {
      "engine": "chromium",
      "type": "requestfailed",
      "url": "http://127.0.0.1:3199/login?next=%2Frooms&_rsc=O4kNrkNzk7KIascM",
      "error": {
        "errorText": "net::ERR_ABORTED"
      }
    },
    {
      "engine": "chromium",
      "type": "requestfailed",
      "url": "http://127.0.0.1:3199/register?_rsc=O4kNrkNzk7KIascM",
      "error": {
        "errorText": "net::ERR_ABORTED"
      }
    },
    {
      "engine": "chromium",
      "type": "requestfailed",
      "url": "http://127.0.0.1:3199/login?next=%2Fleaderboard&_rsc=O4kNrkNzk7KIascM",
      "error": {
        "errorText": "net::ERR_ABORTED"
      }
    },
    {
      "engine": "chromium",
      "type": "requestfailed",
      "url": "http://127.0.0.1:3199/report?_rsc=O4kNrkNzk7KIascM",
      "error": {
        "errorText": "net::ERR_ABORTED"
      }
    },
    {
      "engine": "chromium",
      "type": "requestfailed",
      "url": "http://127.0.0.1:3199/login?next=%2Frooms%2Fjoin&_rsc=O4kNrkNzk7KIascM",
      "error": {
        "errorText": "net::ERR_ABORTED"
      }
    },
    {
      "engine": "chromium",
      "type": "requestfailed",
      "url": "http://127.0.0.1:3199/themes?_rsc=O4kNrkNzk7KIascM",
      "error": {
        "errorText": "net::ERR_ABORTED"
      }
    },
    {
      "engine": "chromium",
      "type": "requestfailed",
      "url": "http://127.0.0.1:3199/?_rsc=_H_fFy2_Q06N8BA7",
      "error": {
        "errorText": "net::ERR_ABORTED"
      }
    },
    {
      "engine": "chromium",
      "type": "requestfailed",
      "url": "http://127.0.0.1:3199/register?_rsc=_H_fFy2_Q06N8BA7",
      "error": {
        "errorText": "net::ERR_ABORTED"
      }
    },
    {
      "engine": "chromium",
      "type": "requestfailed",
      "url": "http://127.0.0.1:3199/login?next=%2Frooms&_rsc=_H_fFy2_Q06N8BA7",
      "error": {
        "errorText": "net::ERR_ABORTED"
      }
    },
    {
      "engine": "chromium",
      "type": "requestfailed",
      "url": "http://127.0.0.1:3199/themes?_rsc=_H_fFy2_Q06N8BA7",
      "error": {
        "errorText": "net::ERR_ABORTED"
      }
    },
    {
      "engine": "chromium",
      "type": "requestfailed",
      "url": "http://127.0.0.1:3199/report?_rsc=_H_fFy2_Q06N8BA7",
      "error": {
        "errorText": "net::ERR_ABORTED"
      }
    },
    {
      "engine": "chromium",
      "type": "requestfailed",
      "url": "http://127.0.0.1:3199/login?next=%2Fleaderboard&_rsc=_H_fFy2_Q06N8BA7",
      "error": {
        "errorText": "net::ERR_ABORTED"
      }
    },
    {
      "engine": "chromium",
      "type": "requestfailed",
      "url": "http://127.0.0.1:3199/forgot-password?_rsc=_H_fFy2_Q06N8BA7",
      "error": {
        "errorText": "net::ERR_ABORTED"
      }
    },
    {
      "engine": "chromium",
      "type": "requestfailed",
      "url": "http://127.0.0.1:3199/register?_rsc=sW2A7HEmFQnSVIMx",
      "error": {
        "errorText": "net::ERR_ABORTED"
      }
    },
    {
      "engine": "chromium",
      "type": "requestfailed",
      "url": "http://127.0.0.1:3199/login?next=%2Frooms%2Fjoin&_rsc=_H_fFy2_Q06N8BA7",
      "error": {
        "errorText": "net::ERR_ABORTED"
      }
    },
    {
      "engine": "chromium",
      "type": "requestfailed",
      "url": "http://127.0.0.1:3199/?_rsc=sW2A7HEmFQnSVIMx",
      "error": {
        "errorText": "net::ERR_ABORTED"
      }
    },
    {
      "engine": "chromium",
      "type": "requestfailed",
      "url": "http://127.0.0.1:3199/forgot-password?_rsc=sW2A7HEmFQnSVIMx",
      "error": {
        "errorText": "net::ERR_ABORTED"
      }
    },
    {
      "engine": "chromium",
      "type": "requestfailed",
      "url": "http://127.0.0.1:3199/games?_rsc=sW2A7HEmFQnSVIMx",
      "error": {
        "errorText": "net::ERR_ABORTED"
      }
    },
    {
      "engine": "chromium",
      "type": "requestfailed",
      "url": "http://127.0.0.1:3199/login?next=%2Frooms&_rsc=sW2A7HEmFQnSVIMx",
      "error": {
        "errorText": "net::ERR_ABORTED"
      }
    },
    {
      "engine": "chromium",
      "type": "requestfailed",
      "url": "http://127.0.0.1:3199/login?next=%2Fleaderboard&_rsc=sW2A7HEmFQnSVIMx",
      "error": {
        "errorText": "net::ERR_ABORTED"
      }
    },
    {
      "engine": "chromium",
      "type": "requestfailed",
      "url": "http://127.0.0.1:3199/themes?_rsc=sW2A7HEmFQnSVIMx",
      "error": {
        "errorText": "net::ERR_ABORTED"
      }
    },
    {
      "engine": "chromium",
      "type": "requestfailed",
      "url": "http://127.0.0.1:3199/login?next=%2Frooms%2Fjoin&_rsc=sW2A7HEmFQnSVIMx",
      "error": {
        "errorText": "net::ERR_ABORTED"
      }
    },
    {
      "engine": "chromium",
      "type": "requestfailed",
      "url": "http://127.0.0.1:3199/report?_rsc=sW2A7HEmFQnSVIMx",
      "error": {
        "errorText": "net::ERR_ABORTED"
      }
    },
    {
      "engine": "chromium",
      "type": "requestfailed",
      "url": "http://127.0.0.1:3199/forgot-password?_rsc=6gO8HHaWeajJtmyo",
      "error": {
        "errorText": "net::ERR_ABORTED"
      }
    },
    {
      "engine": "chromium",
      "type": "requestfailed",
      "url": "http://127.0.0.1:3199/?_rsc=6gO8HHaWeajJtmyo",
      "error": {
        "errorText": "net::ERR_ABORTED"
      }
    },
    {
      "engine": "chromium",
      "type": "requestfailed",
      "url": "http://127.0.0.1:3199/games?_rsc=488hfA3MUa4s4Pzd",
      "error": {
        "errorText": "net::ERR_ABORTED"
      }
    },
    {
      "engine": "chromium",
      "type": "requestfailed",
      "url": "http://127.0.0.1:3199/games?_rsc=Eue1u3GLt-9xfYoR",
      "error": {
        "errorText": "net::ERR_ABORTED"
      }
    },
    {
      "engine": "chromium",
      "type": "requestfailed",
      "url": "http://127.0.0.1:3199/games?_rsc=6gO8HHaWeajJtmyo",
      "error": {
        "errorText": "net::ERR_ABORTED"
      }
    },
    {
      "engine": "chromium",
      "type": "requestfailed",
      "url": "http://127.0.0.1:3199/rooms?_rsc=yqkVbsjkW66TZV8T",
      "error": {
        "errorText": "net::ERR_ABORTED"
      }
    },
    {
      "engine": "chromium",
      "type": "requestfailed",
      "url": "http://127.0.0.1:3199/profile?_rsc=yqkVbsjkW66TZV8T",
      "error": {
        "errorText": "net::ERR_ABORTED"
      }
    },
    {
      "engine": "chromium",
      "type": "requestfailed",
      "url": "http://127.0.0.1:3199/games?_rsc=yqkVbsjkW66TZV8T",
      "error": {
        "errorText": "net::ERR_ABORTED"
      }
    },
    {
      "engine": "chromium",
      "type": "requestfailed",
      "url": "http://127.0.0.1:3199/report?_rsc=yqkVbsjkW66TZV8T",
      "error": {
        "errorText": "net::ERR_ABORTED"
      }
    },
    {
      "engine": "chromium",
      "type": "requestfailed",
      "url": "http://127.0.0.1:3199/leaderboard?_rsc=yqkVbsjkW66TZV8T",
      "error": {
        "errorText": "net::ERR_ABORTED"
      }
    },
    {
      "engine": "chromium",
      "type": "requestfailed",
      "url": "http://127.0.0.1:3199/themes?_rsc=yqkVbsjkW66TZV8T",
      "error": {
        "errorText": "net::ERR_ABORTED"
      }
    },
    {
      "engine": "chromium",
      "type": "requestfailed",
      "url": "http://127.0.0.1:3199/friends?_rsc=yqkVbsjkW66TZV8T",
      "error": {
        "errorText": "net::ERR_ABORTED"
      }
    },
    {
      "engine": "chromium",
      "type": "requestfailed",
      "url": "http://127.0.0.1:3199/rooms/join?_rsc=yqkVbsjkW66TZV8T",
      "error": {
        "errorText": "net::ERR_ABORTED"
      }
    },
    {
      "engine": "chromium",
      "type": "requestfailed",
      "url": "http://127.0.0.1:3199/games?_rsc=O4kNrkNzk7KIascM",
      "error": {
        "errorText": "net::ERR_ABORTED"
      }
    },
    {
      "engine": "chromium",
      "type": "requestfailed",
      "url": "http://127.0.0.1:3199/profile?_rsc=O4kNrkNzk7KIascM",
      "error": {
        "errorText": "net::ERR_ABORTED"
      }
    },
    {
      "engine": "chromium",
      "type": "requestfailed",
      "url": "http://127.0.0.1:3199/?_rsc=O4kNrkNzk7KIascM",
      "error": {
        "errorText": "net::ERR_ABORTED"
      }
    },
    {
      "engine": "chromium",
      "type": "requestfailed",
      "url": "http://127.0.0.1:3199/leaderboard?_rsc=O4kNrkNzk7KIascM",
      "error": {
        "errorText": "net::ERR_ABORTED"
      }
    },
    {
      "engine": "chromium",
      "type": "requestfailed",
      "url": "http://127.0.0.1:3199/rooms?_rsc=O4kNrkNzk7KIascM",
      "error": {
        "errorText": "net::ERR_ABORTED"
      }
    },
    {
      "engine": "chromium",
      "type": "requestfailed",
      "url": "http://127.0.0.1:3199/report?_rsc=O4kNrkNzk7KIascM",
      "error": {
        "errorText": "net::ERR_ABORTED"
      }
    },
    {
      "engine": "chromium",
      "type": "requestfailed",
      "url": "http://127.0.0.1:3199/themes?_rsc=O4kNrkNzk7KIascM",
      "error": {
        "errorText": "net::ERR_ABORTED"
      }
    },
    {
      "engine": "chromium",
      "type": "requestfailed",
      "url": "http://127.0.0.1:3199/rooms/join?_rsc=O4kNrkNzk7KIascM",
      "error": {
        "errorText": "net::ERR_ABORTED"
      }
    },
    {
      "engine": "chromium",
      "type": "requestfailed",
      "url": "http://127.0.0.1:3199/friends?_rsc=O4kNrkNzk7KIascM",
      "error": {
        "errorText": "net::ERR_ABORTED"
      }
    },
    {
      "engine": "chromium",
      "type": "requestfailed",
      "url": "http://127.0.0.1:3199/profile?_rsc=yqkVbsjkW66TZV8T",
      "error": {
        "errorText": "net::ERR_ABORTED"
      }
    },
    {
      "engine": "chromium",
      "type": "requestfailed",
      "url": "http://127.0.0.1:3199/games?_rsc=yqkVbsjkW66TZV8T",
      "error": {
        "errorText": "net::ERR_ABORTED"
      }
    },
    {
      "engine": "chromium",
      "type": "requestfailed",
      "url": "http://127.0.0.1:3199/leaderboard?_rsc=yqkVbsjkW66TZV8T",
      "error": {
        "errorText": "net::ERR_ABORTED"
      }
    },
    {
      "engine": "chromium",
      "type": "requestfailed",
      "url": "http://127.0.0.1:3199/themes?_rsc=yqkVbsjkW66TZV8T",
      "error": {
        "errorText": "net::ERR_ABORTED"
      }
    },
    {
      "engine": "chromium",
      "type": "http",
      "url": "http://127.0.0.1:3199/api/pocket-paradise",
      "status": 400
    },
    {
      "engine": "chromium",
      "type": "console",
      "message": "Failed to load resource: the server responded with a status of 400 (Bad Request)"
    },
    {
      "engine": "chromium",
      "type": "requestfailed",
      "url": "http://127.0.0.1:3199/games?_rsc=O4kNrkNzk7KIascM",
      "error": {
        "errorText": "net::ERR_ABORTED"
      }
    },
    {
      "engine": "chromium",
      "type": "requestfailed",
      "url": "http://127.0.0.1:3199/rooms?_rsc=O4kNrkNzk7KIascM",
      "error": {
        "errorText": "net::ERR_ABORTED"
      }
    },
    {
      "engine": "chromium",
      "type": "requestfailed",
      "url": "http://127.0.0.1:3199/leaderboard?_rsc=O4kNrkNzk7KIascM",
      "error": {
        "errorText": "net::ERR_ABORTED"
      }
    },
    {
      "engine": "chromium",
      "type": "requestfailed",
      "url": "http://127.0.0.1:3199/themes?_rsc=O4kNrkNzk7KIascM",
      "error": {
        "errorText": "net::ERR_ABORTED"
      }
    },
    {
      "engine": "chromium",
      "type": "http",
      "url": "http://127.0.0.1:3199/api/pocket-paradise",
      "status": 413
    },
    {
      "engine": "chromium",
      "type": "console",
      "message": "Failed to load resource: the server responded with a status of 413 (Payload Too Large)"
    },
    {
      "engine": "chromium",
      "type": "requestfailed",
      "url": "http://127.0.0.1:3199/report?_rsc=O4kNrkNzk7KIascM",
      "error": {
        "errorText": "net::ERR_ABORTED"
      }
    },
    {
      "engine": "chromium",
      "type": "requestfailed",
      "url": "http://127.0.0.1:3199/friends?_rsc=O4kNrkNzk7KIascM",
      "error": {
        "errorText": "net::ERR_ABORTED"
      }
    },
    {
      "engine": "chromium",
      "type": "requestfailed",
      "url": "http://127.0.0.1:3199/rooms/join?_rsc=O4kNrkNzk7KIascM",
      "error": {
        "errorText": "net::ERR_ABORTED"
      }
    },
    {
      "engine": "chromium",
      "type": "http",
      "url": "http://127.0.0.1:3199/api/pocket-paradise",
      "status": 400
    },
    {
      "engine": "chromium",
      "type": "console",
      "message": "Failed to load resource: the server responded with a status of 400 (Bad Request)"
    },
    {
      "engine": "chromium",
      "type": "http",
      "url": "http://127.0.0.1:3199/api/pocket-paradise",
      "status": 400
    },
    {
      "engine": "chromium",
      "type": "console",
      "message": "Failed to load resource: the server responded with a status of 400 (Bad Request)"
    },
    {
      "engine": "chromium",
      "type": "http",
      "url": "http://127.0.0.1:3199/api/pocket-paradise",
      "status": 400
    },
    {
      "engine": "chromium",
      "type": "console",
      "message": "Failed to load resource: the server responded with a status of 400 (Bad Request)"
    },
    {
      "engine": "chromium",
      "type": "http",
      "url": "http://127.0.0.1:3199/api/pocket-paradise",
      "status": 400
    },
    {
      "engine": "chromium",
      "type": "console",
      "message": "Failed to load resource: the server responded with a status of 400 (Bad Request)"
    },
    {
      "engine": "chromium",
      "type": "requestfailed",
      "url": "http://127.0.0.1:3199/rooms?_rsc=yqkVbsjkW66TZV8T",
      "error": {
        "errorText": "net::ERR_ABORTED"
      }
    },
    {
      "engine": "chromium",
      "type": "requestfailed",
      "url": "http://127.0.0.1:3199/?_rsc=yqkVbsjkW66TZV8T",
      "error": {
        "errorText": "net::ERR_ABORTED"
      }
    },
    {
      "engine": "chromium",
      "type": "requestfailed",
      "url": "http://127.0.0.1:3199/games?_rsc=yqkVbsjkW66TZV8T",
      "error": {
        "errorText": "net::ERR_ABORTED"
      }
    },
    {
      "engine": "chromium",
      "type": "requestfailed",
      "url": "http://127.0.0.1:3199/profile?_rsc=yqkVbsjkW66TZV8T",
      "error": {
        "errorText": "net::ERR_ABORTED"
      }
    },
    {
      "engine": "chromium",
      "type": "requestfailed",
      "url": "http://127.0.0.1:3199/report?_rsc=yqkVbsjkW66TZV8T",
      "error": {
        "errorText": "net::ERR_ABORTED"
      }
    },
    {
      "engine": "chromium",
      "type": "requestfailed",
      "url": "http://127.0.0.1:3199/friends?_rsc=yqkVbsjkW66TZV8T",
      "error": {
        "errorText": "net::ERR_ABORTED"
      }
    },
    {
      "engine": "webkit",
      "type": "http",
      "url": "http://127.0.0.1:3199/api/pocket-paradise",
      "status": 401
    },
    {
      "engine": "webkit",
      "type": "console",
      "message": "Failed to load resource: the server responded with a status of 401 (Unauthorized)"
    },
    {
      "engine": "webkit",
      "type": "http",
      "url": "http://127.0.0.1:3199/api/pocket-paradise",
      "status": 401
    },
    {
      "engine": "webkit",
      "type": "console",
      "message": "Failed to load resource: the server responded with a status of 401 (Unauthorized)"
    },
    {
      "engine": "webkit",
      "type": "requestfailed",
      "url": "http://127.0.0.1:3199/login?next=%2Frooms%2Fjoin&_rsc=O4kNrkNzk7KIascM",
      "error": {
        "errorText": "cancelled"
      }
    }
  ]
}
