
> gamehub@0.1.0 test
> TSX_TSCONFIG_PATH=tsconfig.test.json node --import tsx --test tests/*.test.ts tests/*.test.tsx

✔ usage periods include today and use UTC across month boundaries (1.458042ms)
✔ account search and status combine, with a working empty-state reset (85.394875ms)
✔ game draw produces a playable link and never immediately repeats (100.636416ms)
✔ theme control restores document preference and saves both choices (5.726666ms)
✔ blocked theme storage still changes theme and reports persistence failure (3.251292ms)
✔ every seeded online and local game has an explicit play category (1.970625ms)
✔ audience picks exclude relationship and dare prompts from family puzzles and unknown content (0.128667ms)
✔ search, category, audience and play mode combine without changing the source catalogs (0.088292ms)
✔ library filters show accurate per-mode counts, preserve launch links, and recover from empty results (145.987625ms)
✔ navigation search initializes both catalogs and can be cleared without losing games (27.741083ms)
✔ category buttons keep All games and combine with search and play mode (82.350375ms)
✔ new strategy games retain distinct solo and online launch flows (41.519625ms)
✔ shuffle keeps every element exactly once (1.343209ms)
✔ room codes are 6 chars from the unambiguous alphabet and vary (0.415291ms)
✔ turn rotation wraps around the player list (0.081958ms)
✔ turn rotation tolerates a departed/unknown current player (0.046625ms)
✔ single player keeps the turn (0.049292ms)
✔ turn-based classification matches game design (0.065417ms)
✔ spotlight mode forces turn-based play for any game (0.051792ms)
✔ spotlight eligibility covers quizzes and NHIE only (0.046292ms)
✔ spotlight round count gives everyone equal turns (0.076083ms)
✔ number guess scoring rewards fewer guesses, floor of 1 (0.08825ms)
✔ round deadlines include grace and expire correctly (0.71775ms)
✔ code crackers feedback counts exact and misplaced digits (0.129709ms)
✔ who-remembers fuzzy matching tolerates small typos (0.798083ms)
✔ rule discoverer validators accept examples and reject counterexamples (0.393875ms)
✔ player name validation requires distinct names (0.068542ms)
✔ memory board build produces matched pairs (0.079416ms)
✔ Code Crackers completes three rounds, rotates starter, scores and replays (47.222834ms)
✔ Know Your Partner protects handoffs and reveals every answer after each role (27.430042ms)
✔ Mental Math prevents stale locks crossing rounds and completes a duel (25.72725ms)
✔ Mystery Card race locks wrong players, scores winner, finishes and replays (16.197625ms)
✔ Reverse Definition handles expired buzz, other player win and full 15-question game (46.06175ms)
✔ Rule Discoverer rotates after testing evidence, scores correct guesses and replays (21.69175ms)
✔ Who Remembers keeps private answers hidden and lets players reject fuzzy matches (71.125375ms)
✔ Word Chain resolves a final-word challenge, reverses the award and replays (79.306875ms)
✔ Code Crackers exhausts the guess limit and reports tied scores (59.799917ms)
✔ Mystery Card player-by-player mode gives both players equal turns (5.772209ms)
✔ Partner instant reveal locks answers until feedback completes (6.6905ms)
✔ Reverse Definition advances after every player misses without double scoring (3.831833ms)
✔ Word Chain rejects repeats, applies timeout penalties and ends cleanly (39.21475ms)
✔ Mental Math advances expired puzzles and does not award timeout points (16.115083ms)
✔ Game transition callbacks are removed on unmount (2.463959ms)
✔ question deck handles empty and single clue pools and requested count (1.471667ms)
✔ reverse definitions fulfill every setup difficulty and count (0.18825ms)
✔ mystery card filters have valid clues and full six-player turns (3.288584ms)
✔ memory matching preserves non-Latin answers and suggests rather than forces fuzzy matches (1.710375ms)
✔ rule discoverer rejects invalid domain and unsafe values (1.065875ms)
✔ competitive results give tied players equal ranks (0.186416ms)
✔ word chain requires a single word and supports accented letters (3.039834ms)
✔ partner question choices remain distinct for private answers and guesses (0.279625ms)
✔ mental math generated puzzles have the correct distinct answer options (5.371875ms)
✔ word challenges reverse the entire award and require a strict majority (0.200125ms)
✔ Market Day starts deterministic, distinct 2–4 player games (3.417375ms)
✔ version, member, turn, phase and destination guards leave state unchanged (0.4395ms)
✔ purchases, upgrades and visits obey ownership and affordable non-elimination payments (0.257292ms)
✔ supplies, commissions and independent bank exchange have exact economics and capacity limits (0.276875ms)
✔ accepted bounded trades conserve assets, transfer stalls and cannot be replayed (0.462167ms)
✔ trade refusals and sender expiry do not transfer anything or require cooperation (0.175417ms)
✔ malformed, empty, unaffordable, foreign-owned and overflowing trades are rejected atomically (3.1385ms)
✔ cash contributes at most ten score points and all score components are visible (0.09325ms)
✔ full 2-player games finish in exactly ten rounds and stay bounded across seeds (36.410125ms)
✔ full 4-player games finish in exactly ten rounds and stay bounded across seeds (62.102041ms)
✔ departed answers cannot satisfy the active player answer quorum (1.272666ms)
✔ all seven quiz games only accept options shown in their prompt (0.106583ms)
✔ all four reaction games validate their actual configured choices (0.070625ms)
✔ a Word Chain link cannot be challenged twice in the same turn (0.060416ms)
✔ private snapshots hide quiz answers and other players answers until reveal (0.16475ms)
✔ Who Remembers private answers stay hidden during collection (0.050334ms)
✔ memory snapshots show only flipped, last pair and matched cards (0.092666ms)
✔ Rule Discoverer never includes current hidden ID in public history (0.164083ms)
✔ round guard rejects stale, missing, fractional and coerced round tokens (0.070208ms)
✔ Pocket replay deterministically reconstructs every placement and score (2.080958ms)
✔ Pocket rejects occupied, out of bounds, fractional and unoffered moves (0.108583ms)
✔ Pocket adjacency does not wrap rows or count diagonals and counts edges once (0.097125ms)
✔ Pocket save replays history instead of trusting forged boards or totals (0.10475ms)
✔ Pocket offers always contain three distinct valid choices for twenty moves (4.96775ms)
✔ Pocket requests grant each bonus only once (0.251416ms)
✔ daily streak deduplicates days, sums weekly games, and survives until next UTC midnight (3.287666ms)
✔ missing a complete UTC day resets current but keeps best (0.245083ms)
✔ UTC midnight and year boundary keep the right week and streak (0.121291ms)
✔ empty, invalid, zero and future activity cannot build a streak (1.357625ms)
✔ weekly goal rejects coerced, fractional and unbounded values (0.097125ms)
✔ admin inbox resolves reports and refreshes its open list (85.850666ms)
✔ admin inbox surfaces failures and retry recovers (7.707666ms)
✔ reports normalize context and preserve useful details (1.258708ms)
✔ reports reject invalid kinds, missing details, oversized text, and malformed room codes (0.1285ms)
✔ reports allow optional context and each supported type (0.075791ms)
✔ accepts browser-facing origin when Next uses an internal listener URL (20.94825ms)
✔ rejects foreign, opaque, malformed and mismatched-scheme browser origins (0.373125ms)
✔ Quiz expiry recovers after a failed automatic request (25.397583ms)
✔ Chain expiry recovers after a failed automatic request (4.933208ms)
✔ Memory miss does not replay on poll and cleared pair cannot leave board disabled (6.089167ms)
✔ Chain final review pauses entry and exposes acceptance without a repeated challenge (1.404292ms)
✔ all four themes can be selected and restored by the pre-paint bootstrap (102.5315ms)
✔ picker and quick toggle stay in sync, including cross-tab theme changes (32.873542ms)
✔ invalid stored themes safely fall back to Game night (0.133375ms)
✔ theme picker stays usable when storage is unavailable (9.314292ms)
ℹ tests 98
ℹ suites 0
ℹ pass 98
ℹ fail 0
ℹ cancelled 0
ℹ skipped 0
ℹ todo 0
ℹ duration_ms 3213.22925
