
> gamehub@0.1.0 test
> TSX_TSCONFIG_PATH=tsconfig.test.json node --import tsx --test tests/*.test.ts tests/*.test.tsx

✔ usage periods include today and use UTC across month boundaries (1.417833ms)
✔ account search and status combine, with a working empty-state reset (85.632333ms)
✔ game draw produces a playable link and never immediately repeats (123.459583ms)
✔ theme control restores document preference and saves both choices (5.547958ms)
✔ blocked theme storage still changes theme and reports persistence failure (3.297083ms)
✔ every seeded online and local game has an explicit play category (1.498875ms)
✔ audience picks exclude relationship and dare prompts from family puzzles and unknown content (0.144709ms)
✔ search, category, audience and play mode combine without changing the source catalogs (0.164125ms)
✔ library filters show accurate per-mode counts, preserve launch links, and recover from empty results (170.398833ms)
✔ navigation search initializes both catalogs and can be cleared without losing games (27.374334ms)
✔ category buttons keep All games and combine with search and play mode (79.86925ms)
✔ new strategy games retain distinct solo and online launch flows (41.25475ms)
✔ shuffle keeps every element exactly once (1.35325ms)
✔ room codes are 6 chars from the unambiguous alphabet and vary (0.4225ms)
✔ turn rotation wraps around the player list (0.084458ms)
✔ turn rotation tolerates a departed/unknown current player (0.046541ms)
✔ single player keeps the turn (0.045375ms)
✔ turn-based classification matches game design (0.06825ms)
✔ spotlight mode forces turn-based play for any game (0.045458ms)
✔ spotlight eligibility covers quizzes and NHIE only (0.048208ms)
✔ spotlight round count gives everyone equal turns (0.069834ms)
✔ number guess scoring rewards fewer guesses, floor of 1 (0.088875ms)
✔ round deadlines include grace and expire correctly (1.195083ms)
✔ code crackers feedback counts exact and misplaced digits (0.3545ms)
✔ who-remembers fuzzy matching tolerates small typos (1.8015ms)
✔ rule discoverer validators accept examples and reject counterexamples (0.868709ms)
✔ player name validation requires distinct names (0.106375ms)
✔ memory board build produces matched pairs (0.105292ms)
✔ Code Crackers completes three rounds, rotates starter, scores and replays (61.819625ms)
✔ Know Your Partner protects handoffs and reveals every answer after each role (25.334958ms)
✔ Mental Math prevents stale locks crossing rounds and completes a duel (26.624ms)
✔ Mystery Card race locks wrong players, scores winner, finishes and replays (15.846791ms)
✔ Reverse Definition handles expired buzz, other player win and full 15-question game (44.521458ms)
✔ Rule Discoverer rotates after testing evidence, scores correct guesses and replays (21.858916ms)
✔ Who Remembers keeps private answers hidden and lets players reject fuzzy matches (71.995083ms)
✔ Word Chain resolves a final-word challenge, reverses the award and replays (77.861625ms)
✔ Code Crackers exhausts the guess limit and reports tied scores (61.940125ms)
✔ Mystery Card player-by-player mode gives both players equal turns (5.356ms)
✔ Partner instant reveal locks answers until feedback completes (6.326333ms)
✔ Reverse Definition advances after every player misses without double scoring (4.01025ms)
✔ Word Chain rejects repeats, applies timeout penalties and ends cleanly (37.163583ms)
✔ Mental Math advances expired puzzles and does not award timeout points (14.583667ms)
✔ Game transition callbacks are removed on unmount (2.3215ms)
✔ question deck handles empty and single clue pools and requested count (1.439583ms)
✔ reverse definitions fulfill every setup difficulty and count (0.191708ms)
✔ mystery card filters have valid clues and full six-player turns (0.409166ms)
✔ memory matching preserves non-Latin answers and suggests rather than forces fuzzy matches (3.445084ms)
✔ rule discoverer rejects invalid domain and unsafe values (0.554833ms)
✔ competitive results give tied players equal ranks (0.106709ms)
✔ word chain requires a single word and supports accented letters (1.759ms)
✔ partner question choices remain distinct for private answers and guesses (0.099959ms)
✔ mental math generated puzzles have the correct distinct answer options (2.487167ms)
✔ word challenges reverse the entire award and require a strict majority (0.161208ms)
✔ Market Day starts deterministic, distinct 2–4 player games (1.446042ms)
✔ version, member, turn, phase and destination guards leave state unchanged (0.45ms)
✔ purchases, upgrades and visits obey ownership and affordable non-elimination payments (0.258958ms)
✔ supplies, commissions and independent bank exchange have exact economics and capacity limits (0.274666ms)
✔ accepted bounded trades conserve assets, transfer stalls and cannot be replayed (0.279167ms)
✔ trade refusals and sender expiry do not transfer anything or require cooperation (0.150417ms)
✔ malformed, empty, unaffordable, foreign-owned and overflowing trades are rejected atomically (0.37775ms)
✔ cash contributes at most ten score points and all score components are visible (0.053917ms)
✔ full 2-player games finish in exactly ten rounds and stay bounded across seeds (28.154167ms)
✔ full 4-player games finish in exactly ten rounds and stay bounded across seeds (63.392792ms)
✔ departed answers cannot satisfy the active player answer quorum (1.246ms)
✔ all seven quiz games only accept options shown in their prompt (0.101583ms)
✔ all four reaction games validate their actual configured choices (0.07125ms)
✔ a Word Chain link cannot be challenged twice in the same turn (0.062166ms)
✔ private snapshots hide quiz answers and other players answers until reveal (0.168542ms)
✔ Who Remembers private answers stay hidden during collection (0.050875ms)
✔ memory snapshots show only flipped, last pair and matched cards (0.09275ms)
✔ Rule Discoverer never includes current hidden ID in public history (0.179375ms)
✔ round guard rejects stale, missing, fractional and coerced round tokens (0.076833ms)
✔ Pocket replay deterministically reconstructs every placement and score (1.726125ms)
✔ Pocket rejects occupied, out of bounds, fractional and unoffered moves (0.107625ms)
✔ Pocket adjacency does not wrap rows or count diagonals and counts edges once (0.098375ms)
✔ Pocket save replays history instead of trusting forged boards or totals (0.106292ms)
✔ Pocket offers always contain three distinct valid choices for twenty moves (4.031167ms)
✔ Pocket requests grant each bonus only once (0.12775ms)
✔ daily streak deduplicates days, sums weekly games, and survives until next UTC midnight (1.460708ms)
✔ missing a complete UTC day resets current but keeps best (0.096833ms)
✔ UTC midnight and year boundary keep the right week and streak (0.095625ms)
✔ empty, invalid, zero and future activity cannot build a streak (10.635625ms)
✔ weekly goal rejects coerced, fractional and unbounded values (0.114083ms)
✔ admin inbox resolves reports and refreshes its open list (94.336833ms)
✔ admin inbox surfaces failures and retry recovers (31.628833ms)
✔ reports normalize context and preserve useful details (1.264208ms)
✔ reports reject invalid kinds, missing details, oversized text, and malformed room codes (0.138042ms)
✔ reports allow optional context and each supported type (0.083542ms)
✔ accepts browser-facing origin when Next uses an internal listener URL (25.193791ms)
✔ rejects foreign, opaque, malformed and mismatched-scheme browser origins (0.398ms)
✔ Quiz expiry recovers after a failed automatic request (25.466334ms)
✔ Chain expiry recovers after a failed automatic request (51.041416ms)
✔ Memory miss does not replay on poll and cleared pair cannot leave board disabled (13.460917ms)
✔ Chain final review pauses entry and exposes acceptance without a repeated challenge (4.694084ms)
✔ all four themes can be selected and restored by the pre-paint bootstrap (107.823042ms)
✔ picker and quick toggle stay in sync, including cross-tab theme changes (33.936916ms)
✔ invalid stored themes safely fall back to Game night (0.131833ms)
✔ theme picker stays usable when storage is unavailable (9.525417ms)
ℹ tests 98
ℹ suites 0
ℹ pass 98
ℹ fail 0
ℹ cancelled 0
ℹ skipped 0
ℹ todo 0
ℹ duration_ms 2616.429417
