
> gamehub@0.1.0 test
> TSX_TSCONFIG_PATH=tsconfig.test.json node --import tsx --test tests/*.test.ts tests/*.test.tsx

✔ usage periods include today and use UTC across month boundaries (2.738541ms)
✔ account search and status combine, with a working empty-state reset (96.322208ms)
✔ game draw produces a playable link and never immediately repeats (109.912583ms)
✔ theme control restores document preference and saves both choices (5.607916ms)
✔ blocked theme storage still changes theme and reports persistence failure (3.388084ms)
✔ every seeded online and local game has an explicit play category (1.557375ms)
✔ audience picks exclude relationship and dare prompts from family puzzles and unknown content (0.147459ms)
✔ search, category, audience and play mode combine without changing the source catalogs (0.106167ms)
✔ library filters show accurate per-mode counts, preserve launch links, and recover from empty results (152.947333ms)
✔ navigation search initializes both catalogs and can be cleared without losing games (26.776209ms)
✔ category buttons keep All games and combine with search and play mode (80.60075ms)
✔ new strategy games retain distinct solo and online launch flows (46.866833ms)
✔ shuffle keeps every element exactly once (1.316792ms)
✔ room codes are 6 chars from the unambiguous alphabet and vary (0.467209ms)
✔ turn rotation wraps around the player list (0.089625ms)
✔ turn rotation tolerates a departed/unknown current player (0.052708ms)
✔ single player keeps the turn (0.0565ms)
✔ turn-based classification matches game design (0.065208ms)
✔ spotlight mode forces turn-based play for any game (0.045334ms)
✔ spotlight eligibility covers quizzes and NHIE only (0.04725ms)
✔ spotlight round count gives everyone equal turns (0.065125ms)
✔ number guess scoring rewards fewer guesses, floor of 1 (0.087833ms)
✔ round deadlines include grace and expire correctly (4.249458ms)
✔ code crackers feedback counts exact and misplaced digits (0.161166ms)
✔ who-remembers fuzzy matching tolerates small typos (0.818792ms)
✔ rule discoverer validators accept examples and reject counterexamples (0.397834ms)
✔ player name validation requires distinct names (0.074541ms)
✔ memory board build produces matched pairs (0.087333ms)
✔ Code Crackers completes three rounds, rotates starter, scores and replays (49.902208ms)
✔ Know Your Partner protects handoffs and reveals every answer after each role (31.563ms)
✔ Mental Math prevents stale locks crossing rounds and completes a duel (27.631541ms)
✔ Mystery Card race locks wrong players, scores winner, finishes and replays (15.644875ms)
✔ Reverse Definition handles expired buzz, other player win and full 15-question game (45.014583ms)
✔ Rule Discoverer rotates after testing evidence, scores correct guesses and replays (20.865375ms)
✔ Who Remembers keeps private answers hidden and lets players reject fuzzy matches (84.211416ms)
✔ Word Chain resolves a final-word challenge, reverses the award and replays (88.231875ms)
✔ Code Crackers exhausts the guess limit and reports tied scores (92.226917ms)
✔ Mystery Card player-by-player mode gives both players equal turns (6.602083ms)
✔ Partner instant reveal locks answers until feedback completes (6.666542ms)
✔ Reverse Definition advances after every player misses without double scoring (3.7855ms)
✔ Word Chain rejects repeats, applies timeout penalties and ends cleanly (38.688292ms)
✔ Mental Math advances expired puzzles and does not award timeout points (17.475083ms)
✔ Game transition callbacks are removed on unmount (4.165334ms)
✔ question deck handles empty and single clue pools and requested count (1.509084ms)
✔ reverse definitions fulfill every setup difficulty and count (0.20725ms)
✔ mystery card filters have valid clues and full six-player turns (0.408375ms)
✔ memory matching preserves non-Latin answers and suggests rather than forces fuzzy matches (1.179125ms)
✔ rule discoverer rejects invalid domain and unsafe values (3.637958ms)
✔ competitive results give tied players equal ranks (0.257083ms)
✔ word chain requires a single word and supports accented letters (1.695042ms)
✔ partner question choices remain distinct for private answers and guesses (0.09ms)
✔ mental math generated puzzles have the correct distinct answer options (2.645291ms)
✔ word challenges reverse the entire award and require a strict majority (0.164667ms)
✔ Market Day starts deterministic, distinct 2–4 player games (2.018625ms)
✔ version, member, turn, phase and destination guards leave state unchanged (0.512166ms)
✔ purchases, upgrades and visits obey ownership and affordable non-elimination payments (0.303458ms)
✔ supplies, commissions and independent bank exchange have exact economics and capacity limits (0.314625ms)
✔ accepted bounded trades conserve assets, transfer stalls and cannot be replayed (0.65325ms)
✔ trade refusals and sender expiry do not transfer anything or require cooperation (0.196ms)
✔ malformed, empty, unaffordable, foreign-owned and overflowing trades are rejected atomically (0.527875ms)
✔ cash contributes at most ten score points and all score components are visible (0.063083ms)
✔ full 2-player games finish in exactly ten rounds and stay bounded across seeds (31.624292ms)
✔ full 4-player games finish in exactly ten rounds and stay bounded across seeds (51.807958ms)
✔ departed answers cannot satisfy the active player answer quorum (1.291667ms)
✔ all seven quiz games only accept options shown in their prompt (0.098ms)
✔ all four reaction games validate their actual configured choices (0.072ms)
✔ a Word Chain link cannot be challenged twice in the same turn (0.057417ms)
✔ private snapshots hide quiz answers and other players answers until reveal (0.649417ms)
✔ Who Remembers private answers stay hidden during collection (0.174208ms)
✔ memory snapshots show only flipped, last pair and matched cards (0.570041ms)
✔ Rule Discoverer never includes current hidden ID in public history (0.242833ms)
✔ round guard rejects stale, missing, fractional and coerced round tokens (0.089292ms)
✔ Pocket replay deterministically reconstructs every placement and score (2.167875ms)
✔ Pocket rejects occupied, out of bounds, fractional and unoffered moves (0.134542ms)
✔ Pocket adjacency does not wrap rows or count diagonals and counts edges once (0.114542ms)
✔ Pocket save replays history instead of trusting forged boards or totals (0.113125ms)
✔ Pocket offers always contain three distinct valid choices for twenty moves (10.076208ms)
✔ Pocket requests grant each bonus only once (0.119459ms)
✔ daily streak deduplicates days, sums weekly games, and survives until next UTC midnight (2.653541ms)
✔ missing a complete UTC day resets current but keeps best (0.332916ms)
✔ UTC midnight and year boundary keep the right week and streak (2.979334ms)
✔ empty, invalid, zero and future activity cannot build a streak (0.123375ms)
✔ weekly goal rejects coerced, fractional and unbounded values (0.088333ms)
✔ admin inbox resolves reports and refreshes its open list (99.687667ms)
✔ admin inbox surfaces failures and retry recovers (13.461833ms)
✔ reports normalize context and preserve useful details (1.5265ms)
✔ reports reject invalid kinds, missing details, oversized text, and malformed room codes (0.136583ms)
✔ reports allow optional context and each supported type (0.175792ms)
✔ accepts browser-facing origin when Next uses an internal listener URL (19.934792ms)
✔ rejects foreign, opaque, malformed and mismatched-scheme browser origins (0.409583ms)
✔ Quiz expiry recovers after a failed automatic request (31.809875ms)
✔ Chain expiry recovers after a failed automatic request (7.644375ms)
✔ Memory miss does not replay on poll and cleared pair cannot leave board disabled (6.810083ms)
✔ Chain final review pauses entry and exposes acceptance without a repeated challenge (1.600375ms)
✔ all four themes can be selected and restored by the pre-paint bootstrap (127.677417ms)
✔ picker and quick toggle stay in sync, including cross-tab theme changes (43.003625ms)
✔ invalid stored themes safely fall back to Game night (0.159875ms)
✔ theme picker stays usable when storage is unavailable (10.897792ms)
ℹ tests 98
ℹ suites 0
ℹ pass 98
ℹ fail 0
ℹ cancelled 0
ℹ skipped 0
ℹ todo 0
ℹ duration_ms 3061.025709
